Applying Cmder VSCode settings from 'J:\tools\cmder\bin\vscode_init_args.cmd'...Applying Cmder VSCode settings is complete!
Injecting Clink!
Cmder is already configured, skipping to Cmder User Init!

J:\lang\ts\web (v2 -> origin)
λ npm install watchman -g
npm WARN deprecated watchman@1.0.0: Package no longer supported. Contact support@npmjs.com for more info.
+ watchman@1.0.0
added 1 package in 1.483s

J:\lang\ts\web (v2 -> origin)
λ yarn config set workspaces-experimental true
yarn config v1.9.4
success Set "workspaces-experimental" to "true".
Done in 0.15s.

J:\lang\ts\web (v2 -> origin)
λ yarn install
yarn install v1.9.4
error An unexpected error occurred: "Unknown token: { line: 3, col: 2, type: 'INVALID', value: undefined } 3:2 in J:\\lang\\ts\\web\\yarn.lock".
info If you think this is a bug, please open a bug report with the information provided in "J:\\lang\\ts\\web\\yarn-error.log".
info Visit https://yarnpkg.com/en/docs/cli/install for documentation about this command.

J:\lang\ts\web (v2 -> origin)
λ npm install yarn -g
j:\tools\node\yarn -> j:\tools\node\node_modules\yarn\bin\yarn.js
j:\tools\node\yarnpkg -> j:\tools\node\node_modules\yarn\bin\yarn.js
+ yarn@1.22.5
added 1 package in 0.747s

J:\lang\ts\web (v2 -> origin)
λ yarn config set workspaces-experimental true
Usage Error: Couldn't find a configuration settings named "workspaces-experimental"

$ yarn config set [--json] <name> <value>

J:\lang\ts\web (v2 -> origin)
λ yarn install
➤ YN0000: ┌ Resolution step
➤ YN0002: │ markdown-spellcheck@npm:1.3.1 doesn't provide sinon@1 requested by sinon-as-promised@npm:4.0.3
➤ YN0060: │ tsdx@npm:0.12.3 provides eslint-plugin-react-hooks@npm:2.3.0 [1be15] with version 2.3.0 which doesn't satisfy 1.x requested by eslint-config-react-app@npm:5.1.0
➤ YN0002: │ onigasm@npm:2.2.4 doesn't provide typescript@>=2.3.0-dev || >=2.4.0-dev || >=2.5.0-dev || >=2.6.0-dev || >=2.7.0-dev || >=2.8.0-dev || >=2.9.0-dev || >=3.0.0-dev || >= 3.1.0-dev || >= 3.2.0-dev requested by tslint@npm:5.20.1
➤ YN0002: │ shiki-languages@npm:0.1.6 doesn't provide onigasm@^2.1.0 requested by vscode-textmate@https://github.com/octref/vscode-textmate.git#commit=e65aabe2227febda7beaad31dd0fca1228c5ddf3
➤ YN0002: │ shiki-languages@npm:0.1.6 doesn't provide oniguruma@^7.0.0 requested by vscode-textmate@https://github.com/octref/vscode-textmate.git#commit=e65aabe2227febda7beaad31dd0fca1228c5ddf3
➤ YN0002: │ shiki-themes@npm:0.1.5 doesn't provide onigasm@^2.1.0 requested by vscode-textmate@https://github.com/octref/vscode-textmate.git#commit:e65aabe2227febda7beaad31dd0fca1228c5ddf3
➤ YN0002: │ shiki-themes@npm:0.1.5 doesn't provide oniguruma@^7.0.0 requested by vscode-textmate@https://github.com/octref/vscode-textmate.git#commit:e65aabe2227febda7beaad31dd0fca1228c5ddf3
➤ YN0002: │ shiki@npm:0.1.6 doesn't provide oniguruma@^7.0.0 requested by vscode-textmate@https://github.com/octref/vscode-textmate.git#commit=e65aabe2227febda7beaad31dd0fca1228c5ddf3
➤ YN0002: │ handbook-epub@workspace:packages/handbook-epub doesn't provide typescript@>=2.7 requested by ts-node@npm:8.10.2
➤ YN0060: │ typescript-sandbox@workspace:packages/sandbox provides typescript@patch:typescript@npm%3A4.0.2#builtin<compat/typescript>::version=4.0.2&hash=5b02a2 with version 4.0.2 which doesn't satisfy >=3.8 <4.0 requested by ts-jest@npm:26.1.1
➤ YN0002: │ tsconfig-reference@workspace:packages/tsconfig-reference doesn't provide typescript@>=2.7 requested by ts-node@npm:8.10.2
➤ YN0002: │ typescriptlang-org@workspace:packages/typescriptlang-org doesn't provide node-sass@^4.9.0 requested by gatsby-plugin-sass@npm:2.1.28
➤ YN0002: │ typescriptlang-org@workspace:packages/typescriptlang-org doesn't provide graphql@^0.13.0 || ^14.0.0 requested by gatsby-plugin-typegen@npm:1.1.1
➤ YN0060: │ typescriptlang-org@workspace:packages/typescriptlang-org provides typescript@patch:typescript@npm%3A4.0.2#builtin<compat/typescript>::version=4.0.2&hash=5b02a2 with version 4.0.2 which doesn't satisfy >=3.8 <4.0 requested by ts-jest@npm:26.1.1
➤ YN0002: │ gatsby-cli@npm:2.8.30 doesn't provide @types/react@>=16.8.0 requested by ink@npm:2.6.0
➤ YN0002: │ gatsby@npm:2.19.18 [5df2e] doesn't provide @types/react@^15.0.0 || ^16.0.0 requested by react-hot-loader@npm:4.12.18
➤ YN0002: │ gatsby-plugin-sass@npm:2.1.28 [5df2e] doesn't provide webpack@^3.0.0 || ^4.0.0 requested by sass-loader@npm:7.3.1
➤ YN0002: │ gatsby-plugin-typescript@npm:2.1.27 [5df2e] doesn't provide graphql@^14.1.1 requested by babel-plugin-remove-graphql-queries@npm:2.7.23
➤ YN0000: └ Completed in 0.78s
➤ YN0000: ┌ Fetch step
➤ YN0013: │ yurnalist@npm:1.1.1 can't be found in the cache and will be fetched from the remote registry
➤ YN0013: │ zen-observable-ts@npm:0.8.20 can't be found in the cache and will be fetched from the remote registry
➤ YN0013: │ zen-observable@npm:0.8.15 can't be found in the cache and will be fetched from the remote registry
➤ YN0013: │ zip-stream@npm:1.2.0 can't be found in the cache and will be fetched from the remote registry
➤ YN0013: │ zwitch@npm:1.0.4 can't be found in the cache and will be fetched from the remote registry
➤ YN0000: └ Completed in 3.25m
➤ YN0000: ┌ Link step
➤ YN0062: │ fsevents@patch:fsevents@npm%3A1.2.11#builtin<compat/fsevents>::version=1.2.11&hash=495457 The platform win32 is incompatible with this module, linking skipped.➤ YN0062: │ fsevents@patch:fsevents@npm%3A2.1.2#builtin<compat/fsevents>::version=2.1.2&hash=495457 The platform win32 is incompatible with this module, linking skipped.
➤ YN0062: │ fsevents@patch:fsevents@npm%3A2.1.3#builtin<compat/fsevents>::version=2.1.3&hash=495457 The platform win32 is incompatible with this module, linking skipped.
➤ YN0007: │ husky@npm:4.2.3 must be built because it never did before or the last one failed
➤ YN0007: │ canvas@npm:2.6.1 must be built because it never did before or the last one failed
➤ YN0007: │ core-js@npm:2.6.11 must be built because it never did before or the last one failed
➤ YN0007: │ gatsby-telemetry@npm:1.1.49 must be built because it never did before or the last one failed
➤ YN0007: │ sharp@npm:0.23.4 must be built because it never did before or the last one failed
➤ YN0007: │ spawn-sync@npm:1.0.15 must be built because it never did before or the last one failed
➤ YN0007: │ core-js-pure@npm:3.6.0 must be built because it never did before or the last one failed
➤ YN0007: │ mozjpeg@npm:6.0.1 must be built because it never did before or the last one failed
➤ YN0007: │ pngquant-bin@npm:5.0.2 must be built because it never did before or the last one failed
➤ YN0007: │ cwebp-bin@npm:5.1.0 must be built because it never did before or the last one failed
➤ YN0007: │ gatsby-cli@npm:2.8.30 must be built because it never did before or the last one failed
➤ YN0007: │ gatsby@npm:2.19.18 [5df2e] must be built because it never did before or the last one failed
➤ YN0000: └ Completed in 1.13m
➤ YN0000: Done with warnings in 4.4m

J:\lang\ts\web (v2 -> origin)
λ yarn bootstrap
➤ YN0000: [shiki-twoslash]: Process exited without output (exit code 0)

➤ YN0000: [documentation]: Process exited without output (exit code 0)

➤ YN0000: [handbook-epub]: Process exited without output (exit code 0)

➤ YN0000: [typescript-sandbox]: Updated the releases with the versions created by make-monaco-builds

➤ YN0000: [typescript-playground]: Skipping because it's not the CI

➤ YN0000: [typescriptlang-org]: Process exited without output (exit code 0)
➤ YN0000: Done in 36.66s
➤ YN0000: [create-typescript-playground-plugin]: NOOP

✓ Creating entry file 4.7 secs
➤ YN0000: [@typescript/vfs]: Browserslist: caniuse-lite is outdated. Please run next command `yarn upgrade`
✓ Building modules 3.8 secs

✓ Creating entry file 4.6 secs
➤ YN0000: [@typescript/twoslash]: Browserslist: caniuse-lite is outdated. Please run next command `yarn upgrade`
✓ Building modules 4.8 secs
➤ YN0000: [@typescript/twoslash]: Starting markdown-magic README.md
➤ YN0000: [@typescript/twoslash]: ✔ README.md Updated
➤ YN0000: [@typescript/twoslash]:  Transforms run
➤ YN0000: [@typescript/twoslash]:   ⁕ FIXTURES
➤ YN0000: [@typescript/twoslash]:
➤ YN0000: [@typescript/twoslash]: done
➤ YN0000: [@typescript/twoslash]: README.md 516ms

✓ Creating entry file 4.4 secs
➤ YN0000: [shiki-twoslash]: Browserslist: caniuse-lite is outdated. Please run next command `yarn upgrade`
✓ Building modules 4.4 secs

✓ Creating entry file 4.9 secs
➤ YN0000: [gatsby-remark-shiki-twoslash]: Browserslist: caniuse-lite is outdated. Please run next command `yarn upgrade`
✓ Building modules 2 secs

➤ YN0000: [community-meta]: Looking at meetups:

➤ YN0000: [documentation]: NOOP

➤ YN0000: [handbook-epub]: which: no ebook-convert in (/j/tools/vscode/data/tmp/xfs-e18eb8d3:/j/tools/vscode/data/tmp/xfs-46126f4f:/j/tools/cmder/bin:/j/tools/cmder/vendor/bin:/j/tools/cmder/vendor/git-for-windows/cmd:/j/tools/cmder/vendor/conemu-maximus5/ConEmu/Scripts:/j/tools/cmder/vendor/conemu-maximus5:/j/tools/cmder/vendor/conemu-maximus5/ConEmu:/c/Windows:/c/Windows/system32:/c/Windows/System32/Wbem:/c/Program Files/Microsoft MPI/Bin:/c/Windows/Microsoft.NET/Framework/v4.0.30319:/c/Windows/System32/WindowsPowerShell/v1.0:/c/Program Files (x86)/Microsoft SDKs/Azure/CLI2/wbin:/c/Program Files/PowerShell/7-preview:/j/tools/bin:/j/tools/netsdk:/:/bin:/usr/bin:/mingw64/bin:/j/tools/vscode:/j/tools/intel/sdk/compilers_and_libraries_2019.0.117/windows/mpi/intel64/bin:/j/tools/intel/sdk/compilers_and_libraries/windows/redist/intel64/mkl:/j/tools/cmake/bin:/c/Dev/Tools/Scoop/shims:/j/tools/python:/j/tools/python/Scripts:/j/tools/ghc/bin:/j/tools/haxe/bin:/j/lang/cpp/libs/vcpkg/installed/x64-windows/bin:/j/tools/java/jre1.8.0_131/bin:/j/tools/node:/c/Program Files/Microsoft SQL Server/Client SDK/ODBC/170/Tools/Binn:/c/Program Files/Microsoft SQL Server/Client SDK/ODBC/170/Tools/Binn:/c/Program Files (x86)/NVIDIA Corporation/PhysX/Common:/j/dev/projects/z0/.build/bin/netcoreapp3.1/win-x64:/j/tools/cuda/sdk/bin:/j/tools/cabal/bin:/j/tools/qemu:/j/tools/sysinternals:/j/tools/cuda/sdk/libnvvp:/j/tools/sqlt:/c/Program Files/dotnet:/c/Dev/Tools/Scoop/shims:/c/Dev/Tools/Scoop/apps/yarn/current/Yarn/bin:/c/Dev/Tools/Scoop/apps/yarn/current/bin:/c/Dev/Tools/Scoop/apps/latex/current/texmfs/install/miktex/bin:/j/lang/go/workspace/bin:/j/tools/quartus/sim/modelsim_ase/win32aloem:/j/tools/quartus/ide/modelsim_ase/win32aloem:/c/Users/Administrator/.dotnet/tools:/j/dev/projects/z0/bin/lib/netcoreapp3.0:/c/Users/Administrator/.cargo/bin:/c/Users/Administrator/AppData/Roaming/cabal/bin:/j/lang/net/sdk/artifacts/tmp/Debug/.dotnet/tools:/j/tools/cmder/vendor/git-for-windows/mingw64/bin:/j/tools/cmder/vendor/git-for-windows/usr/bin:/j/tools/cmder)
➤ YN0000: [handbook-epub]: Skipping converting to pdf because calibre is not installed

(node:3908) MaxListenersExceededWarning: Possible EventEmitter memory leak detected. 11 uncaughtException listeners added to [process]. Use emitter.setMaxListeners() to increase limit

➤ YN0000: [typescriptlang-org]:   Bootstrapped. You can now run the site with yarn start.
➤ YN0000: Done in 1.95m

J:\lang\ts\web (v2 -> origin)
λ
J:\lang\ts\web (v2 -> origin)
λ